// Jest Snapshot v1, https://goo.gl/fbAQLP

exports[`SearchBar should match to snapshot 1`] = `
<View
  style={
    {
      "width": "100%",
    }
  }
>
  <View
    style={
      {
        "width": "100%",
      }
    }
  >
    <View
      style={
        [
          {
            "alignItems": "center",
            "backgroundColor": "#FFFFFF",
            "borderColor": "#4E4B66",
            "borderRadius": 6,
            "borderWidth": 1,
            "compoundVariants": [
              {
                "focused": true,
                "styles": {
                  "borderColor": "#ED2E7E",
                },
                "variant": "error",
              },
            ],
            "flexDirection": "row",
            "overflow": "hidden",
            "variants": {
              "disabled": {
                "true": {
                  "backgroundColor": "#EEF1F4",
                  "borderColor": "#EEF1F4",
                  "opacity": 0.5,
                },
              },
              "focused": {
                "true": {
                  "borderColor": "#4E4B66",
                  "borderWidth": 1,
                },
              },
              "hasLeftIcon": {
                "true": {
                  "paddingLeft": 4,
                },
              },
              "hasRightIcon": {
                "true": {
                  "paddingRight": 4,
                },
              },
              "size": {
                "lg": {
                  "minHeight": 56,
                  "paddingHorizontal": 16,
                },
                "md": {
                  "minHeight": 48,
                  "paddingHorizontal": 12,
                },
                "sm": {
                  "minHeight": 36,
                  "paddingHorizontal": 8,
                },
              },
              "variant": {
                "error": {
                  "backgroundColor": "#FFF3F8",
                  "borderColor": "#ED2E7E",
                },
                "primary": {
                  "backgroundColor": "#FFFFFF",
                  "borderColor": "#4E4B66",
                },
              },
            },
          },
          undefined,
        ]
      }
    >
      <View
        accessibilityLabel="Left icon"
        accessibilityRole="button"
        accessibilityState={
          {
            "busy": undefined,
            "checked": undefined,
            "disabled": false,
            "expanded": undefined,
            "selected": undefined,
          }
        }
        accessibilityValue={
          {
            "max": undefined,
            "min": undefined,
            "now": undefined,
            "text": undefined,
          }
        }
        accessible={true}
        collapsable={false}
        focusable={true}
        hitSlop={8}
        onBlur={[Function]}
        onClick={[Function]}
        onFocus={[Function]}
        onResponderGrant={[Function]}
        onResponderMove={[Function]}
        onResponderRelease={[Function]}
        onResponderTerminate={[Function]}
        onResponderTerminationRequest={[Function]}
        onStartShouldSetResponder={[Function]}
        style={
          {
            "alignItems": "center",
            "justifyContent": "center",
            "marginHorizontal": 8,
          }
        }
        testID="left-icon"
      >
        <RNSVGSvgView
          align="xMidYMid"
          bbHeight={24}
          bbWidth={24}
          fill="none"
          focusable={false}
          height={24}
          meetOrSlice={0}
          minX={0}
          minY={0}
          style={
            [
              {
                "backgroundColor": "transparent",
                "borderWidth": 0,
              },
              {
                "flex": 0,
                "height": 24,
                "width": 24,
              },
            ]
          }
          vbHeight={24}
          vbWidth={24}
          width={24}
        >
          <RNSVGGroup
            fill={null}
            propList={
              [
                "fill",
              ]
            }
          >
            <RNSVGGroup
              clipPath="a"
              fill={
                {
                  "payload": 4278190080,
                  "type": 0,
                }
              }
            >
              <RNSVGPath
                d="M11 2c4.968 0 9 4.032 9 9s-4.032 9-9 9-9-4.032-9-9 4.032-9 9-9Zm0 16c3.867 0 7-3.133 7-7 0-3.868-3.133-7-7-7-3.868 0-7 3.132-7 7 0 3.867 3.132 7 7 7Zm8.485.071 2.829 2.828-1.415 1.415-2.828-2.829 1.414-1.414Z"
                fill={
                  {
                    "payload": 4284903552,
                    "type": 0,
                  }
                }
                propList={
                  [
                    "fill",
                  ]
                }
              />
            </RNSVGGroup>
            <RNSVGDefs>
              <RNSVGClipPath
                fill={
                  {
                    "payload": 4278190080,
                    "type": 0,
                  }
                }
                name="a"
              >
                <RNSVGPath
                  d="M0 0h24v24H0z"
                  fill={
                    {
                      "payload": 4294967295,
                      "type": 0,
                    }
                  }
                  propList={
                    [
                      "fill",
                    ]
                  }
                />
              </RNSVGClipPath>
            </RNSVGDefs>
          </RNSVGGroup>
        </RNSVGSvgView>
      </View>
      <TextInput
        accessibilityHint="Type to search"
        accessibilityLabel="undefined*"
        accessibilityState={
          {
            "disabled": false,
          }
        }
        editable={true}
        onBlur={[Function]}
        onFocus={[Function]}
        placeholder="Search"
        placeholderTextColor="#B0B3B8"
        style={
          [
            {
              "color": "#050505",
              "flex": 1,
              "fontFamily": "Poppins-Regular",
              "fontSize": 16,
              "lineHeight": 24,
              "paddingVertical": 8,
              "variants": {
                "disabled": {
                  "true": {
                    "color": "#B0B3B8",
                  },
                },
                "size": {
                  "lg": {
                    "fontSize": 18,
                    "lineHeight": 28,
                  },
                  "md": {
                    "fontSize": 16,
                    "lineHeight": 24,
                  },
                  "sm": {
                    "fontSize": 14,
                    "lineHeight": 20,
                  },
                },
              },
            },
            undefined,
          ]
        }
        testID="input"
      />
    </View>
  </View>
</View>
`;
