// Jest Snapshot v1, https://goo.gl/fbAQLP

exports[`ProfileStats should match to snapshot 1`] = `
<View
  style={
    {
      "alignItems": "center",
      "flex": 1,
      "flexDirection": "row",
      "justifyContent": "space-around",
    }
  }
>
  <View
    accessibilityHint="Opens the followers screen"
    accessibilityLabel="1234 Followers"
    accessibilityRole="button"
    accessibilityState={
      {
        "busy": undefined,
        "checked": undefined,
        "disabled": undefined,
        "expanded": undefined,
        "selected": undefined,
      }
    }
    accessibilityValue={
      {
        "max": undefined,
        "min": undefined,
        "now": undefined,
        "text": undefined,
      }
    }
    accessible={true}
    collapsable={false}
    focusable={true}
    onBlur={[Function]}
    onClick={[Function]}
    onFocus={[Function]}
    onResponderGrant={[Function]}
    onResponderMove={[Function]}
    onResponderRelease={[Function]}
    onResponderTerminate={[Function]}
    onResponderTerminationRequest={[Function]}
    onStartShouldSetResponder={[Function]}
    style={
      {
        "alignItems": "center",
        "gap": 4,
      }
    }
  >
    <Text
      accessibilityLabel="1234"
      accessibilityRole="text"
      accessible={true}
      style={
        [
          {
            "variants": {
              "align": {
                "center": {
                  "textAlign": "center",
                },
                "justify": {
                  "textAlign": "justify",
                },
                "left": {
                  "textAlign": "left",
                },
                "right": {
                  "textAlign": "right",
                },
              },
              "color": {
                "accent": {
                  "color": "#1877F2",
                },
                "disabled": {
                  "color": "#B0B3B8",
                },
                "error": {
                  "color": "#ED2E7E",
                },
                "errorHover": {
                  "color": "#C30052",
                },
                "link": {
                  "color": "#1877F2",
                },
                "onPrimary": {
                  "color": "#FFFFFF",
                },
                "placeholder": {
                  "color": "#B0B3B8",
                },
                "primary": {
                  "color": "#050505",
                },
                "secondary": {
                  "color": "#4E4B66",
                },
                "success": {
                  "color": "#00BA88",
                },
                "successHover": {
                  "color": "#00966D",
                },
                "tertiary": {
                  "color": "#667080",
                },
                "warning": {
                  "color": "#F4B740",
                },
                "warningHover": {
                  "color": "#946200",
                },
              },
              "decoration": {
                "lineThrough": {
                  "textDecorationLine": "line-through",
                },
                "none": {
                  "textDecorationLine": "none",
                },
                "underline": {
                  "textDecorationLine": "underline",
                },
                "underlineLineThrough": {
                  "textDecorationLine": "underline line-through",
                },
              },
              "textTransform": {
                "capitalize": {
                  "textTransform": "capitalize",
                },
                "lowercase": {
                  "textTransform": "lowercase",
                },
                "none": {
                  "textTransform": "none",
                },
                "uppercase": {
                  "textTransform": "uppercase",
                },
              },
              "variant": {
                "body": {
                  "color": "#050505",
                  "fontFamily": "Poppins-Regular",
                  "fontSize": 16,
                  "fontWeight": "400",
                  "lineHeight": 24,
                },
                "bodyLg": {
                  "color": "#050505",
                  "fontFamily": "Poppins-Regular",
                  "fontSize": 18,
                  "fontWeight": "400",
                  "lineHeight": 28,
                },
                "bodySm": {
                  "color": "#050505",
                  "fontFamily": "Poppins-Regular",
                  "fontSize": 14,
                  "fontWeight": "400",
                  "lineHeight": 20,
                },
                "button": {
                  "color": "#050505",
                  "fontFamily": "Poppins-SemiBold",
                  "fontSize": 16,
                  "fontWeight": "600",
                  "letterSpacing": 0.12,
                  "lineHeight": 24,
                },
                "caption": {
                  "color": "#4E4B66",
                  "fontFamily": "Poppins-Regular",
                  "fontSize": 12,
                  "fontWeight": "400",
                  "lineHeight": 16,
                },
                "display": {
                  "color": "#050505",
                  "fontFamily": "Poppins-Bold",
                  "fontSize": 48,
                  "fontWeight": "700",
                  "lineHeight": 56,
                },
                "h1": {
                  "color": "#050505",
                  "fontFamily": "Poppins-Bold",
                  "fontSize": 32,
                  "fontWeight": "700",
                  "lineHeight": 40,
                },
                "h2": {
                  "color": "#050505",
                  "fontFamily": "Poppins-Bold",
                  "fontSize": 24,
                  "fontWeight": "700",
                  "lineHeight": 32,
                },
                "h3": {
                  "color": "#050505",
                  "fontFamily": "Poppins-SemiBold",
                  "fontSize": 20,
                  "fontWeight": "600",
                  "lineHeight": 28,
                },
                "h4": {
                  "color": "#050505",
                  "fontFamily": "Poppins-SemiBold",
                  "fontSize": 18,
                  "fontWeight": "600",
                  "lineHeight": 28,
                },
                "label": {
                  "color": "#050505",
                  "fontFamily": "Poppins-SemiBold",
                  "fontSize": 14,
                  "fontWeight": "600",
                  "lineHeight": 20,
                },
                "placeholder": {
                  "color": "#B0B3B8",
                  "fontFamily": "Poppins-Regular",
                  "fontSize": 16,
                  "fontWeight": "400",
                  "lineHeight": 24,
                },
              },
            },
          },
          {
            "color": "#050505",
          },
        ]
      }
    >
      1234
    </Text>
    <Text
      accessibilityLabel="Followers"
      accessibilityRole="text"
      accessible={true}
      style={
        [
          {
            "variants": {
              "align": {
                "center": {
                  "textAlign": "center",
                },
                "justify": {
                  "textAlign": "justify",
                },
                "left": {
                  "textAlign": "left",
                },
                "right": {
                  "textAlign": "right",
                },
              },
              "color": {
                "accent": {
                  "color": "#1877F2",
                },
                "disabled": {
                  "color": "#B0B3B8",
                },
                "error": {
                  "color": "#ED2E7E",
                },
                "errorHover": {
                  "color": "#C30052",
                },
                "link": {
                  "color": "#1877F2",
                },
                "onPrimary": {
                  "color": "#FFFFFF",
                },
                "placeholder": {
                  "color": "#B0B3B8",
                },
                "primary": {
                  "color": "#050505",
                },
                "secondary": {
                  "color": "#4E4B66",
                },
                "success": {
                  "color": "#00BA88",
                },
                "successHover": {
                  "color": "#00966D",
                },
                "tertiary": {
                  "color": "#667080",
                },
                "warning": {
                  "color": "#F4B740",
                },
                "warningHover": {
                  "color": "#946200",
                },
              },
              "decoration": {
                "lineThrough": {
                  "textDecorationLine": "line-through",
                },
                "none": {
                  "textDecorationLine": "none",
                },
                "underline": {
                  "textDecorationLine": "underline",
                },
                "underlineLineThrough": {
                  "textDecorationLine": "underline line-through",
                },
              },
              "textTransform": {
                "capitalize": {
                  "textTransform": "capitalize",
                },
                "lowercase": {
                  "textTransform": "lowercase",
                },
                "none": {
                  "textTransform": "none",
                },
                "uppercase": {
                  "textTransform": "uppercase",
                },
              },
              "variant": {
                "body": {
                  "color": "#050505",
                  "fontFamily": "Poppins-Regular",
                  "fontSize": 16,
                  "fontWeight": "400",
                  "lineHeight": 24,
                },
                "bodyLg": {
                  "color": "#050505",
                  "fontFamily": "Poppins-Regular",
                  "fontSize": 18,
                  "fontWeight": "400",
                  "lineHeight": 28,
                },
                "bodySm": {
                  "color": "#050505",
                  "fontFamily": "Poppins-Regular",
                  "fontSize": 14,
                  "fontWeight": "400",
                  "lineHeight": 20,
                },
                "button": {
                  "color": "#050505",
                  "fontFamily": "Poppins-SemiBold",
                  "fontSize": 16,
                  "fontWeight": "600",
                  "letterSpacing": 0.12,
                  "lineHeight": 24,
                },
                "caption": {
                  "color": "#4E4B66",
                  "fontFamily": "Poppins-Regular",
                  "fontSize": 12,
                  "fontWeight": "400",
                  "lineHeight": 16,
                },
                "display": {
                  "color": "#050505",
                  "fontFamily": "Poppins-Bold",
                  "fontSize": 48,
                  "fontWeight": "700",
                  "lineHeight": 56,
                },
                "h1": {
                  "color": "#050505",
                  "fontFamily": "Poppins-Bold",
                  "fontSize": 32,
                  "fontWeight": "700",
                  "lineHeight": 40,
                },
                "h2": {
                  "color": "#050505",
                  "fontFamily": "Poppins-Bold",
                  "fontSize": 24,
                  "fontWeight": "700",
                  "lineHeight": 32,
                },
                "h3": {
                  "color": "#050505",
                  "fontFamily": "Poppins-SemiBold",
                  "fontSize": 20,
                  "fontWeight": "600",
                  "lineHeight": 28,
                },
                "h4": {
                  "color": "#050505",
                  "fontFamily": "Poppins-SemiBold",
                  "fontSize": 18,
                  "fontWeight": "600",
                  "lineHeight": 28,
                },
                "label": {
                  "color": "#050505",
                  "fontFamily": "Poppins-SemiBold",
                  "fontSize": 14,
                  "fontWeight": "600",
                  "lineHeight": 20,
                },
                "placeholder": {
                  "color": "#B0B3B8",
                  "fontFamily": "Poppins-Regular",
                  "fontSize": 16,
                  "fontWeight": "400",
                  "lineHeight": 24,
                },
              },
            },
          },
          {
            "color": "#4E4B66",
          },
        ]
      }
    >
      Followers
    </Text>
  </View>
  <View
    accessibilityHint="Opens the following screen"
    accessibilityLabel="567 Following"
    accessibilityRole="button"
    accessibilityState={
      {
        "busy": undefined,
        "checked": undefined,
        "disabled": undefined,
        "expanded": undefined,
        "selected": undefined,
      }
    }
    accessibilityValue={
      {
        "max": undefined,
        "min": undefined,
        "now": undefined,
        "text": undefined,
      }
    }
    accessible={true}
    collapsable={false}
    focusable={true}
    onBlur={[Function]}
    onClick={[Function]}
    onFocus={[Function]}
    onResponderGrant={[Function]}
    onResponderMove={[Function]}
    onResponderRelease={[Function]}
    onResponderTerminate={[Function]}
    onResponderTerminationRequest={[Function]}
    onStartShouldSetResponder={[Function]}
    style={
      {
        "alignItems": "center",
        "gap": 4,
      }
    }
  >
    <Text
      accessibilityLabel="567"
      accessibilityRole="text"
      accessible={true}
      style={
        [
          {
            "variants": {
              "align": {
                "center": {
                  "textAlign": "center",
                },
                "justify": {
                  "textAlign": "justify",
                },
                "left": {
                  "textAlign": "left",
                },
                "right": {
                  "textAlign": "right",
                },
              },
              "color": {
                "accent": {
                  "color": "#1877F2",
                },
                "disabled": {
                  "color": "#B0B3B8",
                },
                "error": {
                  "color": "#ED2E7E",
                },
                "errorHover": {
                  "color": "#C30052",
                },
                "link": {
                  "color": "#1877F2",
                },
                "onPrimary": {
                  "color": "#FFFFFF",
                },
                "placeholder": {
                  "color": "#B0B3B8",
                },
                "primary": {
                  "color": "#050505",
                },
                "secondary": {
                  "color": "#4E4B66",
                },
                "success": {
                  "color": "#00BA88",
                },
                "successHover": {
                  "color": "#00966D",
                },
                "tertiary": {
                  "color": "#667080",
                },
                "warning": {
                  "color": "#F4B740",
                },
                "warningHover": {
                  "color": "#946200",
                },
              },
              "decoration": {
                "lineThrough": {
                  "textDecorationLine": "line-through",
                },
                "none": {
                  "textDecorationLine": "none",
                },
                "underline": {
                  "textDecorationLine": "underline",
                },
                "underlineLineThrough": {
                  "textDecorationLine": "underline line-through",
                },
              },
              "textTransform": {
                "capitalize": {
                  "textTransform": "capitalize",
                },
                "lowercase": {
                  "textTransform": "lowercase",
                },
                "none": {
                  "textTransform": "none",
                },
                "uppercase": {
                  "textTransform": "uppercase",
                },
              },
              "variant": {
                "body": {
                  "color": "#050505",
                  "fontFamily": "Poppins-Regular",
                  "fontSize": 16,
                  "fontWeight": "400",
                  "lineHeight": 24,
                },
                "bodyLg": {
                  "color": "#050505",
                  "fontFamily": "Poppins-Regular",
                  "fontSize": 18,
                  "fontWeight": "400",
                  "lineHeight": 28,
                },
                "bodySm": {
                  "color": "#050505",
                  "fontFamily": "Poppins-Regular",
                  "fontSize": 14,
                  "fontWeight": "400",
                  "lineHeight": 20,
                },
                "button": {
                  "color": "#050505",
                  "fontFamily": "Poppins-SemiBold",
                  "fontSize": 16,
                  "fontWeight": "600",
                  "letterSpacing": 0.12,
                  "lineHeight": 24,
                },
                "caption": {
                  "color": "#4E4B66",
                  "fontFamily": "Poppins-Regular",
                  "fontSize": 12,
                  "fontWeight": "400",
                  "lineHeight": 16,
                },
                "display": {
                  "color": "#050505",
                  "fontFamily": "Poppins-Bold",
                  "fontSize": 48,
                  "fontWeight": "700",
                  "lineHeight": 56,
                },
                "h1": {
                  "color": "#050505",
                  "fontFamily": "Poppins-Bold",
                  "fontSize": 32,
                  "fontWeight": "700",
                  "lineHeight": 40,
                },
                "h2": {
                  "color": "#050505",
                  "fontFamily": "Poppins-Bold",
                  "fontSize": 24,
                  "fontWeight": "700",
                  "lineHeight": 32,
                },
                "h3": {
                  "color": "#050505",
                  "fontFamily": "Poppins-SemiBold",
                  "fontSize": 20,
                  "fontWeight": "600",
                  "lineHeight": 28,
                },
                "h4": {
                  "color": "#050505",
                  "fontFamily": "Poppins-SemiBold",
                  "fontSize": 18,
                  "fontWeight": "600",
                  "lineHeight": 28,
                },
                "label": {
                  "color": "#050505",
                  "fontFamily": "Poppins-SemiBold",
                  "fontSize": 14,
                  "fontWeight": "600",
                  "lineHeight": 20,
                },
                "placeholder": {
                  "color": "#B0B3B8",
                  "fontFamily": "Poppins-Regular",
                  "fontSize": 16,
                  "fontWeight": "400",
                  "lineHeight": 24,
                },
              },
            },
          },
          {
            "color": "#050505",
          },
        ]
      }
    >
      567
    </Text>
    <Text
      accessibilityLabel="Following"
      accessibilityRole="text"
      accessible={true}
      style={
        [
          {
            "variants": {
              "align": {
                "center": {
                  "textAlign": "center",
                },
                "justify": {
                  "textAlign": "justify",
                },
                "left": {
                  "textAlign": "left",
                },
                "right": {
                  "textAlign": "right",
                },
              },
              "color": {
                "accent": {
                  "color": "#1877F2",
                },
                "disabled": {
                  "color": "#B0B3B8",
                },
                "error": {
                  "color": "#ED2E7E",
                },
                "errorHover": {
                  "color": "#C30052",
                },
                "link": {
                  "color": "#1877F2",
                },
                "onPrimary": {
                  "color": "#FFFFFF",
                },
                "placeholder": {
                  "color": "#B0B3B8",
                },
                "primary": {
                  "color": "#050505",
                },
                "secondary": {
                  "color": "#4E4B66",
                },
                "success": {
                  "color": "#00BA88",
                },
                "successHover": {
                  "color": "#00966D",
                },
                "tertiary": {
                  "color": "#667080",
                },
                "warning": {
                  "color": "#F4B740",
                },
                "warningHover": {
                  "color": "#946200",
                },
              },
              "decoration": {
                "lineThrough": {
                  "textDecorationLine": "line-through",
                },
                "none": {
                  "textDecorationLine": "none",
                },
                "underline": {
                  "textDecorationLine": "underline",
                },
                "underlineLineThrough": {
                  "textDecorationLine": "underline line-through",
                },
              },
              "textTransform": {
                "capitalize": {
                  "textTransform": "capitalize",
                },
                "lowercase": {
                  "textTransform": "lowercase",
                },
                "none": {
                  "textTransform": "none",
                },
                "uppercase": {
                  "textTransform": "uppercase",
                },
              },
              "variant": {
                "body": {
                  "color": "#050505",
                  "fontFamily": "Poppins-Regular",
                  "fontSize": 16,
                  "fontWeight": "400",
                  "lineHeight": 24,
                },
                "bodyLg": {
                  "color": "#050505",
                  "fontFamily": "Poppins-Regular",
                  "fontSize": 18,
                  "fontWeight": "400",
                  "lineHeight": 28,
                },
                "bodySm": {
                  "color": "#050505",
                  "fontFamily": "Poppins-Regular",
                  "fontSize": 14,
                  "fontWeight": "400",
                  "lineHeight": 20,
                },
                "button": {
                  "color": "#050505",
                  "fontFamily": "Poppins-SemiBold",
                  "fontSize": 16,
                  "fontWeight": "600",
                  "letterSpacing": 0.12,
                  "lineHeight": 24,
                },
                "caption": {
                  "color": "#4E4B66",
                  "fontFamily": "Poppins-Regular",
                  "fontSize": 12,
                  "fontWeight": "400",
                  "lineHeight": 16,
                },
                "display": {
                  "color": "#050505",
                  "fontFamily": "Poppins-Bold",
                  "fontSize": 48,
                  "fontWeight": "700",
                  "lineHeight": 56,
                },
                "h1": {
                  "color": "#050505",
                  "fontFamily": "Poppins-Bold",
                  "fontSize": 32,
                  "fontWeight": "700",
                  "lineHeight": 40,
                },
                "h2": {
                  "color": "#050505",
                  "fontFamily": "Poppins-Bold",
                  "fontSize": 24,
                  "fontWeight": "700",
                  "lineHeight": 32,
                },
                "h3": {
                  "color": "#050505",
                  "fontFamily": "Poppins-SemiBold",
                  "fontSize": 20,
                  "fontWeight": "600",
                  "lineHeight": 28,
                },
                "h4": {
                  "color": "#050505",
                  "fontFamily": "Poppins-SemiBold",
                  "fontSize": 18,
                  "fontWeight": "600",
                  "lineHeight": 28,
                },
                "label": {
                  "color": "#050505",
                  "fontFamily": "Poppins-SemiBold",
                  "fontSize": 14,
                  "fontWeight": "600",
                  "lineHeight": 20,
                },
                "placeholder": {
                  "color": "#B0B3B8",
                  "fontFamily": "Poppins-Regular",
                  "fontSize": 16,
                  "fontWeight": "400",
                  "lineHeight": 24,
                },
              },
            },
          },
          {
            "color": "#4E4B66",
          },
        ]
      }
    >
      Following
    </Text>
  </View>
  <View
    accessibilityHint="Opens the news screen"
    accessibilityLabel="89 News"
    accessibilityRole="button"
    accessibilityState={
      {
        "busy": undefined,
        "checked": undefined,
        "disabled": undefined,
        "expanded": undefined,
        "selected": undefined,
      }
    }
    accessibilityValue={
      {
        "max": undefined,
        "min": undefined,
        "now": undefined,
        "text": undefined,
      }
    }
    accessible={true}
    collapsable={false}
    focusable={true}
    onBlur={[Function]}
    onClick={[Function]}
    onFocus={[Function]}
    onResponderGrant={[Function]}
    onResponderMove={[Function]}
    onResponderRelease={[Function]}
    onResponderTerminate={[Function]}
    onResponderTerminationRequest={[Function]}
    onStartShouldSetResponder={[Function]}
    style={
      {
        "alignItems": "center",
        "gap": 4,
      }
    }
  >
    <Text
      accessibilityLabel="89"
      accessibilityRole="text"
      accessible={true}
      style={
        [
          {
            "variants": {
              "align": {
                "center": {
                  "textAlign": "center",
                },
                "justify": {
                  "textAlign": "justify",
                },
                "left": {
                  "textAlign": "left",
                },
                "right": {
                  "textAlign": "right",
                },
              },
              "color": {
                "accent": {
                  "color": "#1877F2",
                },
                "disabled": {
                  "color": "#B0B3B8",
                },
                "error": {
                  "color": "#ED2E7E",
                },
                "errorHover": {
                  "color": "#C30052",
                },
                "link": {
                  "color": "#1877F2",
                },
                "onPrimary": {
                  "color": "#FFFFFF",
                },
                "placeholder": {
                  "color": "#B0B3B8",
                },
                "primary": {
                  "color": "#050505",
                },
                "secondary": {
                  "color": "#4E4B66",
                },
                "success": {
                  "color": "#00BA88",
                },
                "successHover": {
                  "color": "#00966D",
                },
                "tertiary": {
                  "color": "#667080",
                },
                "warning": {
                  "color": "#F4B740",
                },
                "warningHover": {
                  "color": "#946200",
                },
              },
              "decoration": {
                "lineThrough": {
                  "textDecorationLine": "line-through",
                },
                "none": {
                  "textDecorationLine": "none",
                },
                "underline": {
                  "textDecorationLine": "underline",
                },
                "underlineLineThrough": {
                  "textDecorationLine": "underline line-through",
                },
              },
              "textTransform": {
                "capitalize": {
                  "textTransform": "capitalize",
                },
                "lowercase": {
                  "textTransform": "lowercase",
                },
                "none": {
                  "textTransform": "none",
                },
                "uppercase": {
                  "textTransform": "uppercase",
                },
              },
              "variant": {
                "body": {
                  "color": "#050505",
                  "fontFamily": "Poppins-Regular",
                  "fontSize": 16,
                  "fontWeight": "400",
                  "lineHeight": 24,
                },
                "bodyLg": {
                  "color": "#050505",
                  "fontFamily": "Poppins-Regular",
                  "fontSize": 18,
                  "fontWeight": "400",
                  "lineHeight": 28,
                },
                "bodySm": {
                  "color": "#050505",
                  "fontFamily": "Poppins-Regular",
                  "fontSize": 14,
                  "fontWeight": "400",
                  "lineHeight": 20,
                },
                "button": {
                  "color": "#050505",
                  "fontFamily": "Poppins-SemiBold",
                  "fontSize": 16,
                  "fontWeight": "600",
                  "letterSpacing": 0.12,
                  "lineHeight": 24,
                },
                "caption": {
                  "color": "#4E4B66",
                  "fontFamily": "Poppins-Regular",
                  "fontSize": 12,
                  "fontWeight": "400",
                  "lineHeight": 16,
                },
                "display": {
                  "color": "#050505",
                  "fontFamily": "Poppins-Bold",
                  "fontSize": 48,
                  "fontWeight": "700",
                  "lineHeight": 56,
                },
                "h1": {
                  "color": "#050505",
                  "fontFamily": "Poppins-Bold",
                  "fontSize": 32,
                  "fontWeight": "700",
                  "lineHeight": 40,
                },
                "h2": {
                  "color": "#050505",
                  "fontFamily": "Poppins-Bold",
                  "fontSize": 24,
                  "fontWeight": "700",
                  "lineHeight": 32,
                },
                "h3": {
                  "color": "#050505",
                  "fontFamily": "Poppins-SemiBold",
                  "fontSize": 20,
                  "fontWeight": "600",
                  "lineHeight": 28,
                },
                "h4": {
                  "color": "#050505",
                  "fontFamily": "Poppins-SemiBold",
                  "fontSize": 18,
                  "fontWeight": "600",
                  "lineHeight": 28,
                },
                "label": {
                  "color": "#050505",
                  "fontFamily": "Poppins-SemiBold",
                  "fontSize": 14,
                  "fontWeight": "600",
                  "lineHeight": 20,
                },
                "placeholder": {
                  "color": "#B0B3B8",
                  "fontFamily": "Poppins-Regular",
                  "fontSize": 16,
                  "fontWeight": "400",
                  "lineHeight": 24,
                },
              },
            },
          },
          {
            "color": "#050505",
          },
        ]
      }
    >
      89
    </Text>
    <Text
      accessibilityLabel="News"
      accessibilityRole="text"
      accessible={true}
      style={
        [
          {
            "variants": {
              "align": {
                "center": {
                  "textAlign": "center",
                },
                "justify": {
                  "textAlign": "justify",
                },
                "left": {
                  "textAlign": "left",
                },
                "right": {
                  "textAlign": "right",
                },
              },
              "color": {
                "accent": {
                  "color": "#1877F2",
                },
                "disabled": {
                  "color": "#B0B3B8",
                },
                "error": {
                  "color": "#ED2E7E",
                },
                "errorHover": {
                  "color": "#C30052",
                },
                "link": {
                  "color": "#1877F2",
                },
                "onPrimary": {
                  "color": "#FFFFFF",
                },
                "placeholder": {
                  "color": "#B0B3B8",
                },
                "primary": {
                  "color": "#050505",
                },
                "secondary": {
                  "color": "#4E4B66",
                },
                "success": {
                  "color": "#00BA88",
                },
                "successHover": {
                  "color": "#00966D",
                },
                "tertiary": {
                  "color": "#667080",
                },
                "warning": {
                  "color": "#F4B740",
                },
                "warningHover": {
                  "color": "#946200",
                },
              },
              "decoration": {
                "lineThrough": {
                  "textDecorationLine": "line-through",
                },
                "none": {
                  "textDecorationLine": "none",
                },
                "underline": {
                  "textDecorationLine": "underline",
                },
                "underlineLineThrough": {
                  "textDecorationLine": "underline line-through",
                },
              },
              "textTransform": {
                "capitalize": {
                  "textTransform": "capitalize",
                },
                "lowercase": {
                  "textTransform": "lowercase",
                },
                "none": {
                  "textTransform": "none",
                },
                "uppercase": {
                  "textTransform": "uppercase",
                },
              },
              "variant": {
                "body": {
                  "color": "#050505",
                  "fontFamily": "Poppins-Regular",
                  "fontSize": 16,
                  "fontWeight": "400",
                  "lineHeight": 24,
                },
                "bodyLg": {
                  "color": "#050505",
                  "fontFamily": "Poppins-Regular",
                  "fontSize": 18,
                  "fontWeight": "400",
                  "lineHeight": 28,
                },
                "bodySm": {
                  "color": "#050505",
                  "fontFamily": "Poppins-Regular",
                  "fontSize": 14,
                  "fontWeight": "400",
                  "lineHeight": 20,
                },
                "button": {
                  "color": "#050505",
                  "fontFamily": "Poppins-SemiBold",
                  "fontSize": 16,
                  "fontWeight": "600",
                  "letterSpacing": 0.12,
                  "lineHeight": 24,
                },
                "caption": {
                  "color": "#4E4B66",
                  "fontFamily": "Poppins-Regular",
                  "fontSize": 12,
                  "fontWeight": "400",
                  "lineHeight": 16,
                },
                "display": {
                  "color": "#050505",
                  "fontFamily": "Poppins-Bold",
                  "fontSize": 48,
                  "fontWeight": "700",
                  "lineHeight": 56,
                },
                "h1": {
                  "color": "#050505",
                  "fontFamily": "Poppins-Bold",
                  "fontSize": 32,
                  "fontWeight": "700",
                  "lineHeight": 40,
                },
                "h2": {
                  "color": "#050505",
                  "fontFamily": "Poppins-Bold",
                  "fontSize": 24,
                  "fontWeight": "700",
                  "lineHeight": 32,
                },
                "h3": {
                  "color": "#050505",
                  "fontFamily": "Poppins-SemiBold",
                  "fontSize": 20,
                  "fontWeight": "600",
                  "lineHeight": 28,
                },
                "h4": {
                  "color": "#050505",
                  "fontFamily": "Poppins-SemiBold",
                  "fontSize": 18,
                  "fontWeight": "600",
                  "lineHeight": 28,
                },
                "label": {
                  "color": "#050505",
                  "fontFamily": "Poppins-SemiBold",
                  "fontSize": 14,
                  "fontWeight": "600",
                  "lineHeight": 20,
                },
                "placeholder": {
                  "color": "#B0B3B8",
                  "fontFamily": "Poppins-Regular",
                  "fontSize": 16,
                  "fontWeight": "400",
                  "lineHeight": 24,
                },
              },
            },
          },
          {
            "color": "#4E4B66",
          },
        ]
      }
    >
      News
    </Text>
  </View>
</View>
`;
